// Jest Snapshot v1, https://goo.gl/fbAQLP

exports[`getShowStoriesIds returns a list of IDs 1`] = `
Array [
  29001486,
  29002694,
  28997309,
  29003924,
  29002174,
  29001046,
  29000880,
  29000321,
  28986762,
  28975662,
  28983386,
  28993421,
  28996573,
  28979740,
  28990614,
  28987406,
  28992725,
  28989779,
  28984657,
  28981579,
  28971227,
  28977565,
  28986357,
  28983719,
  28981317,
  29001439,
  29001420,
  29001349,
  29001239,
  29001024,
  29000868,
  29000420,
  29000222,
  28999933,
]
`;
