// Jest Snapshot v1, https://goo.gl/fbAQLP

exports[`getJobStoriesIds returns a list of IDs 1`] = `
[
  35790672,
  35779079,
  35775687,
  35771604,
  35764445,
  35747058,
  35740226,
  35734516,
  35731138,
  35726744,
  35719928,
  35716811,
  35712321,
  35706760,
  35699275,
  35693229,
  35690256,
  35665701,
  35660076,
  35656726,
  35650563,
  35646253,
  35642891,
  35637505,
  35635858,
  35630550,
  35627071,
  35620078,
  35612819,
  35606563,
  35598625,
  35589553,
  35578305,
  35564291,
  35558539,
  35538271,
  35523895,
  35517364,
  35514470,
  35508903,
  35501918,
  35500585,
  35491192,
  35480687,
  35476736,
  35474365,
  35467186,
  35458644,
  35452614,
  35438223,
  35436068,
  35427338,
  35369529,
  35347760,
  35344225,
  35338138,
  35329153,
  35321609,
  35304593,
  35271343,
]
`;
