// Jest Snapshot v1, https://goo.gl/fbAQLP

exports[`getLatestItemAndUserUpdates returns the latest updates 1`] = `
{
  "items": [
    35794474,
    35791125,
    35794484,
    35790166,
    35794595,
    35794462,
    35794506,
    18160958,
    35794597,
    35792264,
    35792868,
    35794593,
    35790217,
    35791189,
    35793764,
    35793828,
    35792691,
    35787484,
    35792808,
    35787684,
    35790618,
    35793975,
    35792677,
    35787855,
    35791005,
    35794330,
    35793456,
    35792910,
    35791562,
    35788808,
    35794381,
    35792141,
    35794111,
    35792741,
    35781609,
    35793836,
    35793744,
    35792776,
    35792078,
    35790996,
    35792734,
    35790791,
    35792196,
    35794594,
    35794065,
    35794103,
    35788930,
    35792672,
    35794570,
    35791315,
    35794596,
    35788353,
    35779034,
    35784814,
    35786820,
    35787080,
    35779796,
    35785231,
    35787287,
    35741479,
    35794505,
    35789730,
    35790647,
    35790077,
    35787454,
    35790367,
    18160618,
    35792360,
    35789963,
    35785319,
    35791575,
    35791947,
    35788120,
    35781605,
    35787707,
    35785255,
    35762682,
    35786086,
    35793009,
    35794416,
    35794002,
    35790092,
    35778735,
    35793187,
  ],
  "profiles": [
    "jofer",
    "adrian_mrd",
    "mikrl",
    "quantgenius",
    "MD3XTER",
    "whywhywhywhy",
    "dylan604",
    "reiichiroh",
    "acomjean",
    "kiawe_fire",
    "tjr",
    "sleepybrett",
    "chrislattner",
    "DiggyJohnson",
    "officeplant",
    "acchow",
    "DyslexicAtheist",
    "lampshades",
    "pcurve",
    "mikestew",
    "ZeroGravitas",
    "yunyu",
    "hbn",
    "lairv",
    "Veen",
    "Someone",
  ],
}
`;
