// Jest Snapshot v1, https://goo.gl/fbAQLP

exports[`getMaxItemId returns an ID 1`] = `35794596`;
