// Jest Snapshot v1, https://goo.gl/fbAQLP

exports[`getAskStoriesIds returns a list of IDs 1`] = `
Array [
  29003851,
  28984955,
  29002412,
  29002017,
  29001782,
  29001687,
  29001611,
  29001507,
  29001445,
  28992195,
  28997922,
  28979602,
  28995739,
  28985840,
  28993832,
  28979231,
  28995139,
  28973942,
  28973359,
  28996162,
  28990374,
  28985871,
  28987476,
  28993717,
  28990064,
  28989139,
  28984609,
  28986352,
  28971439,
  28976069,
  28980214,
  28987972,
  28984271,
  28983611,
  28971502,
  28970922,
  28989546,
  28994486,
  28983067,
  28974657,
  28974142,
  28979028,
  28970823,
  28987508,
  28982828,
  28971572,
  28971297,
  28977519,
  28976375,
  28985668,
  28979327,
  28977426,
  28971958,
  28971715,
  28987808,
  29002905,
  29002777,
  29002564,
  29001276,
  29001238,
  29001067,
  29001063,
  29000460,
  28999992,
  28999985,
]
`;
